// Jest Snapshot v1, https://goo.gl/fbAQLP

exports[`Testing LoginScreen component should display correctly 1`] = `
<div>
  <nav>
    <ul>
      <li>
        <a
          href="/"
          onClick={[Function]}
        >
          Home
        </a>
      </li>
      <li>
        <a
          href="/about"
          onClick={[Function]}
        >
          About
        </a>
      </li>
      <li>
        <a
          href="/login"
          onClick={[Function]}
        >
          Login
        </a>
      </li>
    </ul>
  </nav>
  <div>
    <h1>
      Home Screen
    </h1>
    <hr />
    <pre>
      {
   "id": 1,
   "name": "Ricardio"
}
    </pre>
  </div>
</div>
`;
