// Jest Snapshot v1, https://goo.gl/fbAQLP

exports[`Testing HomeScreen component should display correctly  1`] = `
<div>
  <h1>
    Home Screen
  </h1>
  <hr />
  <pre>
    {
   "name": "Ricardio",
   "email": "sample@mail.com"
}
  </pre>
</div>
`;
