// Jest Snapshot v1, https://goo.gl/fbAQLP

exports[`Testing SearchScreen component should display correctly with default values 1`] = `
<div>
  <h1>
    Search Screen!
  </h1>
  <hr />
  <div
    className="row"
  >
    <div
      className="col-5"
    >
      <h4>
        Search
      </h4>
      <hr />
      <form
        onSubmit={[Function]}
      >
        <input
          autoComplete="off"
          className="form-control"
          name="search"
          onChange={[Function]}
          placeholder="Search a hero..."
          type="text"
          value=""
        />
        <button
          className="btn btn-outline-primary mt-2"
          type="submit"
        >
          Search
        </button>
      </form>
    </div>
    <div
      className="col-7"
    >
      <h4>
        Results
      </h4>
      <hr />
      <div
        className="alert alert-info"
      >
        Search for a hero...
      </div>
    </div>
  </div>
</div>
`;
