// Jest Snapshot v1, https://goo.gl/fbAQLP

exports[`Testing HookApp shloud display correctly 1`] = `
<div>
  This is the main component!
</div>
`;
